******************************************************************************
                  TI ARM Linker PC v20.2.7                     
******************************************************************************
>> Linked Fri Jun 14 18:32:50 2024

OUTPUT FILE NAME:   <TeamProject1.out>
ENTRY POINT SYMBOL: "_c_int00_noargs"  address: 00000edd


MEMORY CONFIGURATION

         name            origin    length      used     unused   attr    fill
----------------------  --------  ---------  --------  --------  ----  --------
  MAIN                  00000000   00040000  00000f54  0003f0ac  R  X
  INFO                  00200000   00004000  00000000  00004000  R  X
  SRAM_CODE             01000000   00010000  0000021c  0000fde4  RW X
  SRAM_DATA             20000000   00010000  0000021c  0000fde4  RW  


SEGMENT ALLOCATION MAP

run origin  load origin   length   init length attrs members
----------  ----------- ---------- ----------- ----- -------
00000000    00000000    00000f58   00000f58    r-x
  00000000    00000000    000000e4   000000e4    r-- .intvecs
  000000e4    000000e4    00000e50   00000e50    r-x .text
  00000f38    00000f38    00000020   00000020    r-- .cinit
20000000    20000000    0000001c   00000000    rw-
  20000000    20000000    0000001c   00000000    rw- .data
2000fe00    2000fe00    00000200   00000000    rw-
  2000fe00    2000fe00    00000200   00000000    rw- .stack


SECTION ALLOCATION MAP

 output                                  attributes/
section   page    origin      length       input sections
--------  ----  ----------  ----------   ----------------
.intvecs   0    00000000    000000e4     
                  00000000    000000e4     startup_msp432p401r_ccs.obj (.intvecs:retain)

.text      0    000000e4    00000e50     
                  000000e4    0000079c     main.obj (.text)
                  00000880    00000334     system_msp432p401r.obj (.text)
                  00000bb4    000001e0     Clock.obj (.text)
                  00000d94    0000009c     rtsv7M4_T_le_v4SPD16_eabi.lib : memcpy_t2.asm.obj (.text)
                  00000e30    00000068                                   : copy_decompress_lzss.c.obj (.text:decompress:lzss:__TI_decompress_lzss)
                  00000e98    00000044                                   : autoinit.c.obj (.text:__TI_auto_init_nobinit_nopinit:__TI_auto_init_nobinit_nopinit)
                  00000edc    00000034                                   : boot_cortex_m.c.obj (.text:_c_int00_noargs:_c_int00_noargs)
                  00000f10    0000000e                                   : copy_decompress_none.c.obj (.text:decompress:none:__TI_decompress_none)
                  00000f1e    0000000e     startup_msp432p401r_ccs.obj (.text)
                  00000f2c    00000004     rtsv7M4_T_le_v4SPD16_eabi.lib : pre_init.c.obj (.text:_system_pre_init)
                  00000f30    00000004                                   : exit.c.obj (.text:abort:abort)

.cinit     0    00000f38    00000020     
                  00000f38    0000000d     (.cinit..data.load) [load image, compression = lzss]
                  00000f45    00000003     --HOLE-- [fill = 0]
                  00000f48    00000008     (__TI_handler_table)
                  00000f50    00000008     (__TI_cinit_table)

.init_array 
*          0    00000000    00000000     UNINITIALIZED

.binit     0    00000000    00000000     

.data      0    20000000    0000001c     UNINITIALIZED
                  20000000    00000018     Clock.obj (.data)
                  20000018    00000004     system_msp432p401r.obj (.data)

.stack     0    2000fe00    00000200     UNINITIALIZED
                  2000fe00    00000004     rtsv7M4_T_le_v4SPD16_eabi.lib : boot_cortex_m.c.obj (.stack)
                  2000fe04    000001fc     --HOLE--

__llvm_prf_cnts 
*          0    20000000    00000000     UNINITIALIZED

MODULE SUMMARY

       Module                        code   ro data   rw data
       ------                        ----   -------   -------
    .\
       main.obj                      1948   0         0      
       system_msp432p401r.obj        820    0         8      
       Clock.obj                     480    0         48     
       startup_msp432p401r_ccs.obj   14     228       0      
    +--+-----------------------------+------+---------+---------+
       Total:                        3262   228       56     
                                                             
    C:\ti\ccs1270\ccs\tools\compiler\ti-cgt-arm_20.2.7.LTS\lib\rtsv7M4_T_le_v4SPD16_eabi.lib
       memcpy_t2.asm.obj             156    0         0      
       copy_decompress_lzss.c.obj    104    0         0      
       autoinit.c.obj                68     0         0      
       boot_cortex_m.c.obj           52     0         0      
       copy_decompress_none.c.obj    14     0         0      
       exit.c.obj                    4      0         0      
       pre_init.c.obj                4      0         0      
    +--+-----------------------------+------+---------+---------+
       Total:                        402    0         0      
                                                             
       Stack:                        0      0         1024   
       Linker Generated:             0      29        0      
    +--+-----------------------------+------+---------+---------+
       Grand Total:                  3664   257       1080   


LINKER GENERATED COPY TABLES

__TI_cinit_table @ 00000f50 records: 1, size/record: 8, table size: 8
	.data: load addr=00000f38, load size=0000000d bytes, run addr=20000000, run size=0000001c bytes, compression=lzss


LINKER GENERATED HANDLER TABLE

__TI_handler_table @ 00000f48 records: 2, size/record: 4, table size: 8
	index: 0, handler: __TI_decompress_lzss
	index: 1, handler: __TI_decompress_none


GLOBAL SYMBOLS: SORTED ALPHABETICALLY BY Name 

address   name                          
-------   ----                          
00000f2b  ADC14_IRQHandler              
00000f2b  AES256_IRQHandler             
00000f2b  BusFault_Handler              
00000f31  C$$EXIT                       
00000f2b  COMP_E0_IRQHandler            
00000f2b  COMP_E1_IRQHandler            
20000008  CPMwait                       
00000f2b  CS_IRQHandler                 
20000000  ClockFrequency                
00000d09  Clock_Delay1ms                
00000cdf  Clock_Delay1us                
00000ccb  Clock_GetFreq                 
00000bb5  Clock_Init48MHz               
20000014  Crystalstable                 
00000f2b  DMA_ERR_IRQHandler            
00000f2b  DMA_INT0_IRQHandler           
00000f2b  DMA_INT1_IRQHandler           
00000f2b  DMA_INT2_IRQHandler           
00000f2b  DMA_INT3_IRQHandler           
00000f2b  DebugMon_Handler              
00000f2b  Default_Handler               
00000f2b  EUSCIA0_IRQHandler            
00000f2b  EUSCIA1_IRQHandler            
00000f2b  EUSCIA2_IRQHandler            
00000f2b  EUSCIA3_IRQHandler            
00000f2b  EUSCIB0_IRQHandler            
00000f2b  EUSCIB1_IRQHandler            
00000f2b  EUSCIB2_IRQHandler            
00000f2b  EUSCIB3_IRQHandler            
00000f2b  FLCTL_IRQHandler              
00000f2b  FPU_IRQHandler                
00000f2b  HardFault_Handler             
20000010  IFlags                        
00000343  IR_Init                       
00000273  Left_Backward                 
00000267  Left_Forward                  
00000f2b  MemManage_Handler             
00000191  Motor_Init                    
00000241  Move                          
00000f2b  NMI_Handler                   
00000f2b  PCM_IRQHandler                
00000f2b  PORT1_IRQHandler              
00000f2b  PORT2_IRQHandler              
00000f2b  PORT3_IRQHandler              
00000f2b  PORT4_IRQHandler              
00000f2b  PORT5_IRQHandler              
00000f2b  PORT6_IRQHandler              
00000f2b  PSS_IRQHandler                
00000219  PWM_Duty3                     
0000022d  PWM_Duty4                     
000000e5  PWM_Init34                    
00000f2b  PendSV_Handler                
2000000c  Postwait                      
20000004  Prewait                       
00000f2b  RTC_C_IRQHandler              
00000f1f  Reset_Handler                 
0000028b  Right_Backward                
0000027f  Right_Forward                 
00000f2b  SVC_Handler                   
00000153  Switch_Init                   
00000f2b  SysTick_Handler               
20000018  SystemCoreClock               
00000881  SystemCoreClockUpdate         
00000af9  SystemInit                    
00000f2b  T32_INT1_IRQHandler           
00000f2b  T32_INT2_IRQHandler           
00000f2b  T32_INTC_IRQHandler           
00000f2b  TA0_0_IRQHandler              
00000f2b  TA0_N_IRQHandler              
00000f2b  TA1_0_IRQHandler              
00000f2b  TA1_N_IRQHandler              
00000f2b  TA2_0_IRQHandler              
00000f2b  TA2_N_IRQHandler              
00000f2b  TA3_0_IRQHandler              
00000f2b  TA3_N_IRQHandler              
00000f2b  UsageFault_Handler            
4000480c  WDTCTL_SYM                    
00000f2b  WDT_A_IRQHandler              
00000187  WaitForStart                  
20010000  __STACK_END                   
00000200  __STACK_SIZE                  
00000f50  __TI_CINIT_Base               
00000f58  __TI_CINIT_Limit              
00000f48  __TI_Handler_Table_Base       
00000f50  __TI_Handler_Table_Limit      
00000e99  __TI_auto_init_nobinit_nopinit
00000e31  __TI_decompress_lzss          
00000f11  __TI_decompress_none          
ffffffff  __TI_pprof_out_hndl           
ffffffff  __TI_prof_data_size           
ffffffff  __TI_prof_data_start          
00000000  __TI_static_base__            
00000d95  __aeabi_memcpy                
00000d95  __aeabi_memcpy4               
00000d95  __aeabi_memcpy8               
ffffffff  __binit__                     
ffffffff  __c_args__                    
UNDEFED   __mpu_init                    
2000fe00  __stack                       
20000000  __start___llvm_prf_cnts       
20000000  __stop___llvm_prf_cnts        
00000edd  _c_int00_noargs               
UNDEFED   _system_post_cinit            
00000f2d  _system_pre_init              
00000f31  abort                         
ffffffff  binit                         
00000327  cancelRotate                  
00000cd1  delay                         
00000000  interruptVectors              
00000859  main                          
00000d95  memcpy                        
000002bb  moveBackward                  
00000297  moveForward                   
00000303  rotate_Left                   
000002df  rotate_Right                  
00000459  trackMovement                 


GLOBAL SYMBOLS: SORTED BY Symbol Address 

address   name                          
-------   ----                          
00000000  __TI_static_base__            
00000000  interruptVectors              
000000e5  PWM_Init34                    
00000153  Switch_Init                   
00000187  WaitForStart                  
00000191  Motor_Init                    
00000200  __STACK_SIZE                  
00000219  PWM_Duty3                     
0000022d  PWM_Duty4                     
00000241  Move                          
00000267  Left_Forward                  
00000273  Left_Backward                 
0000027f  Right_Forward                 
0000028b  Right_Backward                
00000297  moveForward                   
000002bb  moveBackward                  
000002df  rotate_Right                  
00000303  rotate_Left                   
00000327  cancelRotate                  
00000343  IR_Init                       
00000459  trackMovement                 
00000859  main                          
00000881  SystemCoreClockUpdate         
00000af9  SystemInit                    
00000bb5  Clock_Init48MHz               
00000ccb  Clock_GetFreq                 
00000cd1  delay                         
00000cdf  Clock_Delay1us                
00000d09  Clock_Delay1ms                
00000d95  __aeabi_memcpy                
00000d95  __aeabi_memcpy4               
00000d95  __aeabi_memcpy8               
00000d95  memcpy                        
00000e31  __TI_decompress_lzss          
00000e99  __TI_auto_init_nobinit_nopinit
00000edd  _c_int00_noargs               
00000f11  __TI_decompress_none          
00000f1f  Reset_Handler                 
00000f2b  ADC14_IRQHandler              
00000f2b  AES256_IRQHandler             
00000f2b  BusFault_Handler              
00000f2b  COMP_E0_IRQHandler            
00000f2b  COMP_E1_IRQHandler            
00000f2b  CS_IRQHandler                 
00000f2b  DMA_ERR_IRQHandler            
00000f2b  DMA_INT0_IRQHandler           
00000f2b  DMA_INT1_IRQHandler           
00000f2b  DMA_INT2_IRQHandler           
00000f2b  DMA_INT3_IRQHandler           
00000f2b  DebugMon_Handler              
00000f2b  Default_Handler               
00000f2b  EUSCIA0_IRQHandler            
00000f2b  EUSCIA1_IRQHandler            
00000f2b  EUSCIA2_IRQHandler            
00000f2b  EUSCIA3_IRQHandler            
00000f2b  EUSCIB0_IRQHandler            
00000f2b  EUSCIB1_IRQHandler            
00000f2b  EUSCIB2_IRQHandler            
00000f2b  EUSCIB3_IRQHandler            
00000f2b  FLCTL_IRQHandler              
00000f2b  FPU_IRQHandler                
00000f2b  HardFault_Handler             
00000f2b  MemManage_Handler             
00000f2b  NMI_Handler                   
00000f2b  PCM_IRQHandler                
00000f2b  PORT1_IRQHandler              
00000f2b  PORT2_IRQHandler              
00000f2b  PORT3_IRQHandler              
00000f2b  PORT4_IRQHandler              
00000f2b  PORT5_IRQHandler              
00000f2b  PORT6_IRQHandler              
00000f2b  PSS_IRQHandler                
00000f2b  PendSV_Handler                
00000f2b  RTC_C_IRQHandler              
00000f2b  SVC_Handler                   
00000f2b  SysTick_Handler               
00000f2b  T32_INT1_IRQHandler           
00000f2b  T32_INT2_IRQHandler           
00000f2b  T32_INTC_IRQHandler           
00000f2b  TA0_0_IRQHandler              
00000f2b  TA0_N_IRQHandler              
00000f2b  TA1_0_IRQHandler              
00000f2b  TA1_N_IRQHandler              
00000f2b  TA2_0_IRQHandler              
00000f2b  TA2_N_IRQHandler              
00000f2b  TA3_0_IRQHandler              
00000f2b  TA3_N_IRQHandler              
00000f2b  UsageFault_Handler            
00000f2b  WDT_A_IRQHandler              
00000f2d  _system_pre_init              
00000f31  C$$EXIT                       
00000f31  abort                         
00000f48  __TI_Handler_Table_Base       
00000f50  __TI_CINIT_Base               
00000f50  __TI_Handler_Table_Limit      
00000f58  __TI_CINIT_Limit              
20000000  ClockFrequency                
20000000  __start___llvm_prf_cnts       
20000000  __stop___llvm_prf_cnts        
20000004  Prewait                       
20000008  CPMwait                       
2000000c  Postwait                      
20000010  IFlags                        
20000014  Crystalstable                 
20000018  SystemCoreClock               
2000fe00  __stack                       
20010000  __STACK_END                   
4000480c  WDTCTL_SYM                    
ffffffff  __TI_pprof_out_hndl           
ffffffff  __TI_prof_data_size           
ffffffff  __TI_prof_data_start          
ffffffff  __binit__                     
ffffffff  __c_args__                    
ffffffff  binit                         
UNDEFED   __mpu_init                    
UNDEFED   _system_post_cinit            

[116 symbols]
